// Jest Snapshot v1, https://goo.gl/fbAQLP

exports[`should render ExpenseListItem with the given data 1`] = `
<div>
  <Link
    replace={false}
    to="/edit/1"
  >
    <h3>
      Gum
    </h3>
  </Link>
  <p>
    â‚¹2
    --
    January 1st 1970
  </p>
</div>
`;
