// Jest Snapshot v1, https://goo.gl/fbAQLP

exports[`should render ExpenseList with empty message 1`] = `
<div>
  <p>
    No Expenses found!
  </p>
</div>
`;

exports[`should render ExpenseList with given expenses 1`] = `
<div>
  <ExpenseListItem
    amount={200}
    createdAt={0}
    description="Gum"
    id="1"
    key="1"
    note=""
  />
  <ExpenseListItem
    amount={2000}
    createdAt={-345600000}
    description="Milk"
    id="2"
    key="2"
    note=""
  />
  <ExpenseListItem
    amount={4500}
    createdAt={345600000}
    description="Rent"
    id="3"
    key="3"
    note=""
  />
</div>
`;
